// Jest Snapshot v1, https://goo.gl/fbAQLP

exports[`render control component 1`] = `[Function]`;
