// Jest Snapshot v1, https://goo.gl/fbAQLP

exports[`render Main component 1`] = `[Function]`;
